Enter matrix size (row and column numbers): Enter matrix:
The reduced matrix:
1.00 -1.07 -0.56 1.24 0.16 0.56 1.27 -1.17 0.11 -1.10 0.91 -0.92 0.33 -0.03 0.88 -0.46 0.37 -0.20 0.23 -1.19 -0.42 -0.55 -0.80 -0.94 -0.53 -0.07 -0.58 0.35 0.36 -0.75 -1.16 -0.46 -0.26 0.08 0.51 0.43 0.32 0.68 0.65 -0.34 -0.23 0.24 0.98 0.71 0.34 0.82 0.19 -1.08 1.22 -0.30 0.32 0.17 0.39 -0.62 0.23 -0.29 -1.28 1.01 -0.59 -0.01 1.25 -1.16 1.05 0.30 -0.29 -1.20 -0.76 0.32 1.23 0.87 0.68 1.05 0.31 -0.91 -0.84 -0.58 0.85 -0.61 -0.34 0.07 -1.20 

