Starting the AES Algorithm, please pick amount of iterations:
Invalid amount of iterations!
Please try again:
Invalid amount of iterations!
Please try again:
Please pick a matrix size:
Please enter the matrix:
The encrypted message is:
34 86 230 227 56 144 59 125 28 55 128 
75 9 201 222 210 235 252 251 82 246 52 
62 190 60 216 118 132 165 37 154 245 35 
112 160 192 157 129 132 102 136 252 224 89 
196 242 103 117 65 11 179 81 38 113 204 
136 39 17 1 79 125 4 13 121 14 92 
36 40 161 95 31 30 67 56 209 63 220 
232 118 40 8 15 20 121 41 58 251 244 
226 214 240 128 165 113 192 116 29 90 231 
92 78 145 31 102 224 82 60 207 21 177 
10 193 236 230 3 4 183 45 42 157 17 
