Starting the AES Algorithm, please pick amount of iterations:
Please pick a matrix size:
Please enter the matrix:
The encrypted message is:
159 122 23 
158 157 12 
242 165 171 
