Students, please enter heights!
Average girls height is: 100.00
Average boys height is: 100.00
