Please enter the number of strings:
Please enter the 28 strings:
Please enter the rule of comparison between strings.
1: Lexicographic order.
2: By the diversity of letters.
The sorted strings are:
TTTT
HHHH
K
ZZPPpp
UUzz
rrC
bbbbfff
WWWWdd
bbXXXX
FFFFqqqE
qZZaa
mmmtttr
ggqqqqee
HHHKKKKI
HHYYEEELLL
PPPPPPPPXppiQQQQ
WffffWWLLLC
ccccbccccTBBJJJJ
ffzzzzWWWpppww
qZZZHHhhQQPPP
NNNeGGII
TTBBBBiiCC
rrrUXrrAAAA
ZZxkkBUuu
LLLhhpppZZZaassss
WoooFFFvvvvQJJJww
kzzzzCCrrGe
orJJJJyWWWWD
