Please enter the number of strings:
Please enter the 11 strings:
Please enter the rule of comparison between strings.
1: Lexicographic order.
2: By the diversity of letters.
The sorted strings are:
###$$@@@@wwww
%%@%%%H
&&&####dd
(((##((@@@
@@H@@@&&&PPPZ%%%
aaaaqzzzSbbbbHmmm
AAAAuuuu
ccSSScccc%%###GGGGMM
i
tttRR
YYYppp#
