10 14 17 20 20 21 32 33 33 33 35 38 39 41 41 42 42 45 45 54 60 62 63 66 67 67 67 69 75 75 76 76 76 78 82 84 84 84 85 90 91 92 95 96 98 