11 14 16 18 22 27 33 34 35 36 37 37 40 41 41 43 43 45 52 53 61 63 70 75 79 79 79 81 81 81 82 86 88 89 90 90 94 95 95 97 