10 13 16 23 26 27 27 28 28 33 34 36 37 40 53 55 56 61 67 71 74 85 86 86 97 