Enter number of banned words: Enter banned words: Enter a sentence:
Censored sentence:
postpaid__truculence_snot_idealist__kiddish___detrital____Matterhorn_flameproof__interrogative_assemble_invoke_otitis_semiprivate_flexibly__mugging__unwittingly_submissively__amazed_Zachary_____injudicious_hedonistic_hoist_hydrological_Bernhard__ultimo__matutinal_knot____astounding_deadweight__subspecialize_ware__Salvatore_palatability_coalescence_natal_Courtney_cur___Wasatch_Renee__Ards_impassibility___Cushite__thrall___toupee___dichotomy____misunderstand__manipulate____warlock__Presley___chintzy______equalize___Leigh_misdeed_allotter_bailout_rollicking___engulf_chances
