Enter number of banned words: Enter banned words: Enter a sentence:
Censored sentence:
narcissism____chemoreceptive____clockwise___hypoglycemic_dovish_sneaky_____tracksuit_tyrannicide_decease__controlled__faculty___selenographer_pained_____compliments___nutrimental__epiphanic_period__rustproof__reclusiveness_caramel_euclidian__ripeness______storyline_____perambulation_roughly_______samovar___amicably_snootiness___executorship_tepidness_photic_curviness_unliterary__vindictiveness_sandstone_Chimbote_____unshackle__sidereal____
