Enter number of banned words: Enter banned words: Enter a sentence:
Censored sentence:
Lothario_Florentine_sinuosity__interstices____canceller______instantiation__Malcolm_____desirably_craw_jeer_bilateral__reducer_ornery_Kitwe_starred_corky__seditiously_chowder_bouillon_wordage___orangeade__grateful__phalanges__innervation_teaberry_burl__departee____Lucille___digitize_corked__children___Gyandzha_FM_____Choctaw_____drowsily_Joshua_start___plant_mannishly__meticulosity_penniless___requite_factious__incunabulum__welch__moonlight_partite____
