Enter number of banned words: Enter banned words: Enter a sentence:
Censored sentence:
caecum_adulation__nuncupative__forwards__gymnasial_woody_intersession_caucus_withholding_Marxist_aromatherapist____torridity_garnishment______crystallise____stony_apostasy__Lamar_ineffectual_likably_unremunerated_trimestral__mitochondrial____Thanksgiving_piddling_neath_Saxony______Jodie_millimetre__crew_trapezia_antianxiety_Enschede_fodder_tactician_dune_antipasti_nonadherence_macro____psychoneurosis_marlinespike_____toxicologically__staccato__Habacuc___skydiving_equidistant___bystander_diabolically
