Enter number of banned words: Enter banned words: Enter a sentence:
Censored sentence:
_unleash___canvasser____snowdrop_mat_previous__miller___gynecologically_dapperness_litas_Buffalo__payoff_distill____knavery_kaffeeklatsch__conjunctively_industrially___monumentalism___kelp__aerate__presbytership_toxicologically__swung_______hashish_acrobatically________kiloton__arrogative____perceptibility__hydrostatic_unsatisfying___republican____bricklaying__catamite_overdecorate__Brahmanic__falsity_unutilized_cuttingly_idiotically_bathysphere_ostracize__settled_lobate_adsorptive___function_____cavern_image_malignantly__Mervin_________battlemented_bifocal_Louisiana__barrette__pickling___Amundsen_____sightliness__bowleg_______Munich_results_Nabatea____irrupt_overflight_Maurice__cylinder_eucalypti_venery__vegetativeness_confiner_nonfeasance_jiggly
