Enter number of banned words: Enter banned words: Enter a sentence:
Censored sentence:
biceps_frustratingly_telekinesis_shush_misfit__proxemic_rafter_switcher_feedbag__retrofire_unidentifiable_sanguinary__broadener_sequencing_skillet_____despoil__Ellwood____advisor_whiteout____spaciness__coroner_Gutenberg__nonsinkable__spare_______LSD_Edom____embroider_neoprene_Kyushu__inculcator____Ohioan_Scorpio_satirical_predomination__unpolled_Mellon_______contraindication___transliteration_Leninism_Ilium_bowdlerize_isotropy_______soloist_interrogate_plumbing_magically_____dismantle___drainage_distiller_marathoner_____collude____risque_____unmeaning_horrid____scurf_Warsaw__waxwork_gerontological___remonstration________benighted__wholistic_devotion____Wilde_caregiver
