Enter number of banned words: Enter banned words: Enter a sentence:
Censored sentence:
wariness__pauper____castanets_vernacularity_sight__fatty_Chippewa__
