Enter number of banned words: Enter banned words: Enter a sentence:
Censored sentence:
_cretinous___transplantation_cinematically_septuplet___wert_traceable___hunk___nonrecognition__Fundy_tolerance_schoolboy_fungal_inculcation____cardinalate_Montagnais_preamble___absentmindedness_tsarist_depositional__sniper_Melanie____comfort__meninx_Nantes_unobtrusively_tryout___Sucre_legate_dressiness_eremitic__benchmark_callousness_amniocentesis______whiskered_ageism__Marjorie_enlivenment__Josef______monotheistic_intracellular_mining_resected__philanthropize__abstinently_unshakable__sapodilla___acceptableness_gesticulative__benignly_brandish_cellaret___fanjet_grisliness__onrushing_incommunicado_loaves_sit_pestilence__Duncan_pilastered_Coriolanus___aphoristically_trio__spouse____practiced_Reno_hacker__bindery_waterpower___proposal_decrease__podiatrist_roe
