Enter number of banned words: Enter banned words: Enter a sentence:
Censored sentence:
_indisposed_reconversion_Unitarian_tyrannous_Fenianism___disposal______comestible__Beersheba_southwestwardly
