Enter number of banned words: Enter banned words: Enter a sentence:
Censored sentence:
hominoid___votary_chorizo_retort_ruinously___sequently__hallucinator__foolish_Farragut___Chaplin__obsoleteness___cortege_____leadership__hereby_concision___mouthful__necrological_unwearied_phoebe_hard__underemployment_shambling_occupy_despotically__experiential__blintze_yellowish___forewent_coeducational__Mondale_odalisk__excuser__fob__inset_bridal_alumni_____literate_virgule__birding__mayo_birthright_
