Enter number of banned words: Enter banned words: Enter a sentence:
Censored sentence:
Bernstein_mesmerise_talisman____
