Enter number of banned words: Enter banned words: Enter a sentence:
Censored sentence:
_content_escaped__happenstance__unaccustomed_casque_rephotograph__fellow___Sagittarian_Serbian___fluffiness_ghettoize_______amerce_piercing_headless_peeper_____jimmies_scat__rickey_commandment_untried_gushy__evenness____backside_gayety_lacerated___flunkey_corporativism___tangled_organically____sapwood_cheerily___streetwalker_Futurism_glamorously___arsonist__prescriber_Herren_taproot_Fern_blasphemy_revarnish_hygrometric_question_cookware_venosity_permissive
