Enter number of banned words: Enter banned words: Enter a sentence:
Censored sentence:
spondee_blasting___calligrapher____verbalize__team_droopingly__onus_ukelele__twitchy_congressman__Twi_impetuous_mildewy_____unwaveringly__governance_tissue_amidships__mistral_elatedly_congest__daredevil_bechamel___winker_tomogram_____subdeb___clinical___bashful____appreciation__Thelma__trimmer_contumelious___craze_braces_uncured__lugger___Madagascan_unquotable___myasthenia___drinkability___inflate__bureaucrat_dourly_____venturesomely__jasper___pensioner__royalty__proprietarily___scattered___abrasiveness_snarl___mystify__drily__guru__lutenist___inscrutable___untimeliness_gimcrack___topdressing_____freeboard__Popocatepetl__outdrawn_dimension_authorial__________stinging_loadstar
