Enter number of banned words: Enter banned words: Enter a sentence:
Censored sentence:
Telescopium____videlicet______unattainable______inculpable_mystifyingly_sulfurous_necking__roadworthy______Mexicali_____slapstick_centerboard___Petrograd_princely_Khayyam_rusher_Araguaya____Soochow_Woods_surreally_improvisatory_grenade_eventfulness_gotta___pops_hazy__Norton_catastrophic________stakeout___reflow___witticism__idealist_nonelectrical_redshift___symbolically_satyric____flatterer_Denmark_____eardrum_westerner__tabby_Chancellorsville_galore_vagina______theosophist_gremlin_
