Enter number of banned words: Enter banned words: Enter a sentence:
Censored sentence:
__brandless_cosmopolitanize_tour__pickup_grumps_snorkel_spoonfed_organelle_ventriloquy___identify_apologize__Haiti__picturesquely_surge__oppressed___Edam____Paralipomenon_dangler_Wicca_magazine_domicile_holophrasis_tigerish__empathetically_crouch_utterer__immense_inquisitional_lisp_merganser___myriad__Ijssel_credence_civilly___precivilization_prescriptively_Octavian___derailleur_upholstered_draughty_destroy___portray__purificatory___
