Enter number of banned words: Enter banned words: Enter a sentence:
Censored sentence:
_rewaken__outscore__francophone__Gaziantep__mollycoddle_______puzzlement_postmortem_deportee_heavyish_borrowings____metastatically__reapply_treasury__horrendously_Ndola___comake_r___smidge__homoeopathy________phial__cytologist_Jugoslavian_tan___titmouse_Indiana___data_pushiness_fuchsia_newt_nonconformist_worlds_ascension________physiotherapeutic_homeotherm_viperine__unstructured__________musket_Tula___sorrowfulness_laminate__litigiousness____presager_osseous__eastwards__Prophet___knout___shrimp__Brockton_howling____meadow_fermion_hogback_dost_personals__monikered_overcharging_microphone_danio___maguey_____predictive_amenable___pyrethrum_Don__Cochabamba
