Enter number of banned words: Enter banned words: Enter a sentence:
Censored sentence:
____luggage_betroth_blatherskite_cognoscenti_substance_fogey_hesitate_Hydra______unoffensively_ostentatiously_brisk_delegate_shnook__technologist_gaucheness___fluvial_transferrer______gene_dependent
