Enter number of banned words: Enter banned words: Enter a sentence:
Censored sentence:
___bequest__hipbone_dwarves___avo_clubhouse__Tonga_workaday_pleasurable__whimsy_beseem_appellate__fixings_antitrust___handbill_oafishness_victoriously_____exquisiteness_Continent_cornily____peerless_Chassidic__unquotable_verbiage_retrievable___Sibelius_nonrandom__miscount_embassy_loutish_____hydrocephaloid_architecturally_potentially_encyclopedic_gallantries__ancient__goitrous_meltwater_actually___imagery_fiasco_tomogram_drizzle__gravy__vileness_crowfeet__deferral_bijou_Stamford__
