Enter number of banned words: Enter banned words: Enter a sentence:
Censored sentence:
echo_fizzle_knead__boarder___account_can_trawler__imminently____canonicity_accelerate___washcloth_______missioner__swerve__fondant_pleadingly___trapdoor__unable__burgher___voyaging____monody_Lottie_doctrinally__congenitally_rearouse_tricycle_____psychopathologist___fertilize__undebatable__gropingly_smart____grain___nepenthe_treacle___suitcase_drawers__accidentally__reconfirm__subminimum_megabuck__orthoses_lamia_boundlessness_undemanding___ovum_teenaged__patriarchic_strewn_fordable__Scotchman__Sousa_fecal_drawee_materialise_dinoflagellate__thorough_brashness__stricture__partitive_configurationally______lived_iconic_nontarnishable__golfer__committable_cardigan____misspent_temperance_outspread__rodeo___altimetry_pleonastically___inarguable_gurney_cascade__snoopy_hippopotamus_retractile__forgivingly_ochlocracy___anticorrosive____shadowiness____
