Enter number of banned words: Enter banned words: Enter a sentence:
Censored sentence:
cuddle___s___buckskin____gooseneck_Mailer_want__monomaniacal_adsorb_Elsa__deformed_Avon_vent___Lett_____furtive___producible_unreliability_originator___resignedly_put__Navaho___safe_dote__wheels___retrievable_divertimenti_Himalayas_scam_Suffolk
