Enter number of banned words: Enter banned words: Enter a sentence:
Censored sentence:
pulchritudinous_Welshwoman_unbacked_meticulosity_journalistically_unredeemable_phenomena_inviolate__repel_nonselective___snazzily_Blanche_____torero_administrable___secretory_Iran___Cognac_sake__indefensibility_cave__subjectiveness_alee_ditherer___malaria_thumbprint_Rajkot_elegist___phrase______semisolid__institution__icy__emotionally___Emile______
