Enter number of banned words: Enter banned words: Enter a sentence:
Censored sentence:
__nonporousness__discreditably_buffeter___grab_tonsil_autopsy___toolbar______disable___chronological__hike_convulsion_____gestaltist_Hippocratic__retinue___macrobiotic_postpaid__Turin_overriding___humankind_____believability_moorage____lean_brinksmanship_outlandishly_flagitiousness__spurious__joker__inappropriately__Armageddon__dynamically__concertmeister___Carol__stockiness____unfledged__pestiferousness_Cush_illiterate___patriotism__Pentagon__allele__northeastward_hunchback_bussing_cognate___grade__palatalize
