Enter number of banned words: Enter banned words: Enter a sentence:
Censored sentence:
_intensionally__principal_dehumidification_enjoin___promulgation____counterclaimant__postnuptial___lo_bonze_numbers_ritual__troops__Vespasian_Ionic_collegial_____Waldheim____delft____brassiere___reformed__overhang_kame_Bangor__nosiness___whacked_casuist_headliner__Lebanese___fifthly__immemorially_narc__gushing
