Enter number of banned words: Enter banned words: Enter a sentence:
Censored sentence:
_lyrical_para______stolon___wintery_gentile_analysand___sextant___pilaff_bleakness__Punch_darling__Lord___ramequin_Ivanovo_meshes__Grinch_vulcanizer_shimmery_psychoanalytic___Noah_playbill___exempt__lots_nightfall_Thousand_neurologic_strep___narcissistically_Tampico_collarless_constitutional____hideous___troubler_tattooed__torpid_historicity____rick_poker_widow_impeccable_hydrogenation__congeries_zaire_werewolves
