Enter number of banned words: Enter banned words: Enter a sentence:
Censored sentence:
tablespoon____converter_zoftig_phaeton_disbelief_grotesquery_juke_____overstock_fiscal_recusance_Eniwetok_misdiagnosis_pragmatics__nonexpendable__beef__debonairly_handsomeness____coastal_____impressive__gazelle_glamourous_____maternalistically__rainfall__zany_determination__jewels_harridan__waybill_truncated___plugola_weariless_Kenny____bombast__Ontarian_chicory_thuggery_anatomize_rampart_retune_coagulative_Philippian_sunscreen_fundamentals_tortoise__becalm__laciness_poet___loggerhead___susurrus_embrocation__papaw__gauchely_inflorescence__tangibleness_priesthood_preparatory_grimacingly_refreshment_catalog__interesting___triglyceride_preapply__supposal_van__laminose_stanch__paddle_assailant______preponderant___lug_Frisian___unroof__militaristic_enraged_conditioning_outskirt__rookery___entrust_citable__udder_Inquisition___viva_insidiousness___lather_tunneller___
