Enter number of banned words: Enter banned words: Enter a sentence:
Censored sentence:
_upsilon_pyorrhea___grubbiness_lasagna_oversexed_Tula_____Muscat_pucker__greetings__calcium_Barnabas____impressionable__brewing__Quintin_fingerling_elementarily_bolas_____connections_pulpiness_cutworm____intermingle___ampere______songwriter__chicness__relinquish_regrettably_seduce_metallic_setup__chicly__penetrating_small_progenitive________consubstantiation_shelf_grandparent_____olio_brinksmanship__murrain_Argentine__spavined__parhelia_passable_password_interact_____millibar_impartially_encasement_Peterborough_underwhelm_antimonous__Escondido_halve___correlate_styrene_plebes__areola___cauliflower_bloc_dynamite_unpleased_proctorial_whitish___lounge_straightaway___shallot_Rastafarianism_jejuna_marten_nutritiousness_whitewater___scentless_discountable___simper___precancel_counterintuitive_nebular___nefariously_kwacha__clop_penlight_funding_syphon_disentangler__pretentious_____Roumania__psychiatric_flute_Waldo__poignantly_subdue__speckled_incompressible_strictly__crowdedness
