Enter number of banned words: Enter banned words: Enter a sentence:
Censored sentence:
chairmanship_titrate_benefaction_quota_revivalistic_Ulm_____Dardanelles_emplacement_heroine__chivalrous___stripe_tanner_civilly_pepper___Ark___aesthetically__goodhumored__hatchet__functionary__kerne__Puritanism_involvement_gunship_____receivable___digerati___thirsty_southward___shamrock_hemorrhage_Bolivar_____junco_____remake_slyness_fairytale______Cora__Guyana___Texas_phonic_Alfred___league_noncoital__denote_incapable___paganish_fulfill_timorously_lacking__cinerarium____farsightedness_Merida_chamber_consecratory_bollworm___piercing_shampooer____pore_scullion_coccyx__soberly_gone_deafeningly_shiftlessness__costly____nitrifying____twosome_Orestes
